eeschema (2013-07-07 BZR 4022)-stable  >> Creation date: 31/03/2014 21:28:23
#Cmp ( order = Reference )
| C1         4u7         
| C2         100n        
| J_IN1      RJ45        
| J_IN2      RJ45        
| J_IN3      RJ45        
| J_IN4      RJ45        
| J_IN5      RJ45        
| J_IN6      RJ45        
| J_IN7      RJ45        
| J_OUT1     RJ45        
| Q1         PN2222A     
| Q2         PN2222A     
| Q3         PN2222A     
| Q4         PN2222A     
| Q5         PN2222A     
| Q6         PN2222A     
| Q7         PN2222A     
| Q8         PN2222A     
| Q9         PN2222A     
| Q10        PN2222A     
| Q11        PN2222A     
| Q12        PN2222A     
| Q13        PN2222A     
| Q14        PN2222A     
| Q15        PN2222A     
| Q16        PN2222A     
| Q17        PN2222A     
| Q18        PN2222A     
| Q19        PN2222A     
| Q20        PN2222A     
| Q21        PN2222A     
| Q22        PN2222A     
| Q23        PN2222A     
| Q24        PN2222A     
| Q25        PN2222A     
| Q26        PN2222A     
| Q27        PN2222A     
| Q28        PN2222A     
| Q29        PN2222A     
| Q30        PN2222A     
| Q31        PN2222A     
| Q32        PN2222A     
| Q33        PN2222A     
| Q34        PN2222A     
| Q35        PN2222A     
| Q36        PN2222A     
| Q37        PN2222A     
| Q38        PN2222A     
| Q39        PN2222A     
| Q40        PN2222A     
| Q41        PN2222A     
| Q42        PN2222A     
| Q43        PN2222A     
| Q44        PN2222A     
| Q45        PN2222A     
| Q46        PN2222A     
| Q47        PN2222A     
| Q48        PN2222A     
| Q49        PN2222A     
| Q50        PN2222A     
| Q51        PN2222A     
| Q52        PN2222A     
| Q53        PN2222A     
| Q54        PN2222A     
| Q55        PN2222A     
| Q56        PN2222A     
| Q57        PN2222A     
| Q58        PN2222A     
| Q59        PN2222A     
| Q60        PN2222A     
| Q61        PN2222A     
| Q62        PN2222A     
| Q63        PN2222A     
| Q64        PN2222A     
| R1         2k          
| R2         2k          
| R3         10k         
| R4         10k         
| R5         10k         
| R6         10k         
| R7         10k         
| R8         10k         
| R9         10k         
| R10        10k         
| R11        10k         
| R12        10k         
| R13        10k         
| R14        10k         
| R15        10k         
| R16        10k         
| R17        10k         
| R18        10k         
| R19        10k         
| R20        10k         
| R21        10k         
| R22        10k         
| R23        10k         
| R24        10k         
| R25        10k         
| R26        10k         
| R27        10k         
| R28        10k         
| R29        10k         
| R30        10k         
| R31        10k         
| R32        10k         
| R33        10k         
| R34        10k         
| R35        10k         
| R36        10k         
| R37        10k         
| R38        10k         
| R39        10k         
| R40        10k         
| R41        10k         
| R42        10k         
| R43        10k         
| R44        10k         
| R45        10k         
| R46        10k         
| R47        10k         
| R48        10k         
| R49        10k         
| R50        10k         
| R51        10k         
| R52        10k         
| R53        10k         
| R54        10k         
| R55        10k         
| R56        10k         
| R57        10k         
| R58        10k         
| R59        10k         
| R60        10k         
| R61        10k         
| R62        10k         
| R63        10k         
| R64        10k         
| R65        10k         
| R66        10k         
| U1         TLC5940     
| U2         TLC5940     
#End Cmp

#Cmp ( order = Value )
| 100n         C2        
| 4u7          C1        
| PN2222A      Q1        
| PN2222A      Q2        
| PN2222A      Q3        
| PN2222A      Q4        
| PN2222A      Q5        
| PN2222A      Q6        
| PN2222A      Q7        
| PN2222A      Q8        
| PN2222A      Q9        
| PN2222A      Q10       
| PN2222A      Q11       
| PN2222A      Q12       
| PN2222A      Q13       
| PN2222A      Q14       
| PN2222A      Q15       
| PN2222A      Q16       
| PN2222A      Q17       
| PN2222A      Q18       
| PN2222A      Q19       
| PN2222A      Q20       
| PN2222A      Q21       
| PN2222A      Q22       
| PN2222A      Q23       
| PN2222A      Q24       
| PN2222A      Q25       
| PN2222A      Q26       
| PN2222A      Q27       
| PN2222A      Q28       
| PN2222A      Q29       
| PN2222A      Q30       
| PN2222A      Q31       
| PN2222A      Q32       
| PN2222A      Q33       
| PN2222A      Q34       
| PN2222A      Q35       
| PN2222A      Q36       
| PN2222A      Q37       
| PN2222A      Q38       
| PN2222A      Q39       
| PN2222A      Q40       
| PN2222A      Q41       
| PN2222A      Q42       
| PN2222A      Q43       
| PN2222A      Q44       
| PN2222A      Q45       
| PN2222A      Q46       
| PN2222A      Q47       
| PN2222A      Q48       
| PN2222A      Q49       
| PN2222A      Q50       
| PN2222A      Q51       
| PN2222A      Q52       
| PN2222A      Q53       
| PN2222A      Q54       
| PN2222A      Q55       
| PN2222A      Q56       
| PN2222A      Q57       
| PN2222A      Q58       
| PN2222A      Q59       
| PN2222A      Q60       
| PN2222A      Q61       
| PN2222A      Q62       
| PN2222A      Q63       
| PN2222A      Q64       
| 2k           R1        
| 2k           R2        
| 10k          R3        
| 10k          R4        
| 10k          R5        
| 10k          R6        
| 10k          R7        
| 10k          R8        
| 10k          R9        
| 10k          R10       
| 10k          R11       
| 10k          R12       
| 10k          R13       
| 10k          R14       
| 10k          R15       
| 10k          R16       
| 10k          R17       
| 10k          R18       
| 10k          R19       
| 10k          R20       
| 10k          R21       
| 10k          R22       
| 10k          R23       
| 10k          R24       
| 10k          R25       
| 10k          R26       
| 10k          R27       
| 10k          R28       
| 10k          R29       
| 10k          R30       
| 10k          R31       
| 10k          R32       
| 10k          R33       
| 10k          R34       
| 10k          R35       
| 10k          R36       
| 10k          R37       
| 10k          R38       
| 10k          R39       
| 10k          R40       
| 10k          R41       
| 10k          R42       
| 10k          R43       
| 10k          R44       
| 10k          R45       
| 10k          R46       
| 10k          R47       
| 10k          R48       
| 10k          R49       
| 10k          R50       
| 10k          R51       
| 10k          R52       
| 10k          R53       
| 10k          R54       
| 10k          R55       
| 10k          R56       
| 10k          R57       
| 10k          R58       
| 10k          R59       
| 10k          R60       
| 10k          R61       
| 10k          R62       
| 10k          R63       
| 10k          R64       
| 10k          R65       
| 10k          R66       
| TLC5940      U1        
| RJ45         J_OUT1    
| TLC5940      U2        
| RJ45         J_IN1     
| RJ45         J_IN2     
| RJ45         J_IN3     
| RJ45         J_IN4     
| RJ45         J_IN5     
| RJ45         J_IN6     
| RJ45         J_IN7     
#End Cmp

#End List
